../Src/stm32f0xx_hal_msp.c:64:6:HAL_MspInit	8	static
../Src/stm32f0xx_hal_msp.c:87:6:HAL_ADC_MspInit	40	static
../Src/stm32f0xx_hal_msp.c:121:6:HAL_ADC_MspDeInit	8	static
../Src/stm32f0xx_hal_msp.c:149:6:HAL_I2C_MspInit	40	static
../Src/stm32f0xx_hal_msp.c:186:6:HAL_I2C_MspDeInit	8	static
../Src/stm32f0xx_hal_msp.c:217:6:HAL_SPI_MspInit	48	static
../Src/stm32f0xx_hal_msp.c:262:6:HAL_SPI_MspDeInit	8	static
../Src/stm32f0xx_hal_msp.c:292:6:HAL_TIM_Base_MspInit	16	static
../Src/stm32f0xx_hal_msp.c:322:6:HAL_TIM_MspPostInit	32	static
../Src/stm32f0xx_hal_msp.c:354:6:HAL_TIM_Base_MspDeInit	8	static
