Archive member included to satisfy reference by file (symbol)

C:/ST/STM32CubeIDE_2.0.0/STM32CubeIDE/plugins/com.st.stm32cube.ide.mcu.externaltools.gnu-tools-for-stm32.13.3.rel1.win32_1.0.100.202509120712/tools/bin/../lib/gcc/arm-none-eabi/13.3.1/../../../../arm-none-eabi/lib/thumb/v6-m/nofp\libc_nano.a(libc_a-exit.o)
                              C:/ST/STM32CubeIDE_2.0.0/STM32CubeIDE/plugins/com.st.stm32cube.ide.mcu.externaltools.gnu-tools-for-stm32.13.3.rel1.win32_1.0.100.202509120712/tools/bin/../lib/gcc/arm-none-eabi/13.3.1/../../../../arm-none-eabi/lib/thumb/v6-m/nofp/crt0.o (exit)
C:/ST/STM32CubeIDE_2.0.0/STM32CubeIDE/plugins/com.st.stm32cube.ide.mcu.externaltools.gnu-tools-for-stm32.13.3.rel1.win32_1.0.100.202509120712/tools/bin/../lib/gcc/arm-none-eabi/13.3.1/../../../../arm-none-eabi/lib/thumb/v6-m/nofp\libc_nano.a(libc_a-findfp.o)
                              C:/ST/STM32CubeIDE_2.0.0/STM32CubeIDE/plugins/com.st.stm32cube.ide.mcu.externaltools.gnu-tools-for-stm32.13.3.rel1.win32_1.0.100.202509120712/tools/bin/../lib/gcc/arm-none-eabi/13.3.1/../../../../arm-none-eabi/lib/thumb/v6-m/nofp\libc_nano.a(libc_a-exit.o) (__stdio_exit_handler)
C:/ST/STM32CubeIDE_2.0.0/STM32CubeIDE/plugins/com.st.stm32cube.ide.mcu.externaltools.gnu-tools-for-stm32.13.3.rel1.win32_1.0.100.202509120712/tools/bin/../lib/gcc/arm-none-eabi/13.3.1/../../../../arm-none-eabi/lib/thumb/v6-m/nofp\libc_nano.a(libc_a-fwalk.o)
                              C:/ST/STM32CubeIDE_2.0.0/STM32CubeIDE/plugins/com.st.stm32cube.ide.mcu.externaltools.gnu-tools-for-stm32.13.3.rel1.win32_1.0.100.202509120712/tools/bin/../lib/gcc/arm-none-eabi/13.3.1/../../../../arm-none-eabi/lib/thumb/v6-m/nofp\libc_nano.a(libc_a-findfp.o) (_fwalk_sglue)
C:/ST/STM32CubeIDE_2.0.0/STM32CubeIDE/plugins/com.st.stm32cube.ide.mcu.externaltools.gnu-tools-for-stm32.13.3.rel1.win32_1.0.100.202509120712/tools/bin/../lib/gcc/arm-none-eabi/13.3.1/../../../../arm-none-eabi/lib/thumb/v6-m/nofp\libc_nano.a(libc_a-stdio.o)
                              C:/ST/STM32CubeIDE_2.0.0/STM32CubeIDE/plugins/com.st.stm32cube.ide.mcu.externaltools.gnu-tools-for-stm32.13.3.rel1.win32_1.0.100.202509120712/tools/bin/../lib/gcc/arm-none-eabi/13.3.1/../../../../arm-none-eabi/lib/thumb/v6-m/nofp\libc_nano.a(libc_a-findfp.o) (__sread)
C:/ST/STM32CubeIDE_2.0.0/STM32CubeIDE/plugins/com.st.stm32cube.ide.mcu.externaltools.gnu-tools-for-stm32.13.3.rel1.win32_1.0.100.202509120712/tools/bin/../lib/gcc/arm-none-eabi/13.3.1/../../../../arm-none-eabi/lib/thumb/v6-m/nofp\libc_nano.a(libc_a-memset.o)
                              C:/ST/STM32CubeIDE_2.0.0/STM32CubeIDE/plugins/com.st.stm32cube.ide.mcu.externaltools.gnu-tools-for-stm32.13.3.rel1.win32_1.0.100.202509120712/tools/bin/../lib/gcc/arm-none-eabi/13.3.1/../../../../arm-none-eabi/lib/thumb/v6-m/nofp/crt0.o (memset)
C:/ST/STM32CubeIDE_2.0.0/STM32CubeIDE/plugins/com.st.stm32cube.ide.mcu.externaltools.gnu-tools-for-stm32.13.3.rel1.win32_1.0.100.202509120712/tools/bin/../lib/gcc/arm-none-eabi/13.3.1/../../../../arm-none-eabi/lib/thumb/v6-m/nofp\libc_nano.a(libc_a-closer.o)
                              C:/ST/STM32CubeIDE_2.0.0/STM32CubeIDE/plugins/com.st.stm32cube.ide.mcu.externaltools.gnu-tools-for-stm32.13.3.rel1.win32_1.0.100.202509120712/tools/bin/../lib/gcc/arm-none-eabi/13.3.1/../../../../arm-none-eabi/lib/thumb/v6-m/nofp\libc_nano.a(libc_a-stdio.o) (_close_r)
C:/ST/STM32CubeIDE_2.0.0/STM32CubeIDE/plugins/com.st.stm32cube.ide.mcu.externaltools.gnu-tools-for-stm32.13.3.rel1.win32_1.0.100.202509120712/tools/bin/../lib/gcc/arm-none-eabi/13.3.1/../../../../arm-none-eabi/lib/thumb/v6-m/nofp\libc_nano.a(libc_a-reent.o)
                              C:/ST/STM32CubeIDE_2.0.0/STM32CubeIDE/plugins/com.st.stm32cube.ide.mcu.externaltools.gnu-tools-for-stm32.13.3.rel1.win32_1.0.100.202509120712/tools/bin/../lib/gcc/arm-none-eabi/13.3.1/../../../../arm-none-eabi/lib/thumb/v6-m/nofp\libc_nano.a(libc_a-closer.o) (errno)
C:/ST/STM32CubeIDE_2.0.0/STM32CubeIDE/plugins/com.st.stm32cube.ide.mcu.externaltools.gnu-tools-for-stm32.13.3.rel1.win32_1.0.100.202509120712/tools/bin/../lib/gcc/arm-none-eabi/13.3.1/../../../../arm-none-eabi/lib/thumb/v6-m/nofp\libc_nano.a(libc_a-impure.o)
                              C:/ST/STM32CubeIDE_2.0.0/STM32CubeIDE/plugins/com.st.stm32cube.ide.mcu.externaltools.gnu-tools-for-stm32.13.3.rel1.win32_1.0.100.202509120712/tools/bin/../lib/gcc/arm-none-eabi/13.3.1/../../../../arm-none-eabi/lib/thumb/v6-m/nofp\libc_nano.a(libc_a-reent.o) (_impure_ptr)
C:/ST/STM32CubeIDE_2.0.0/STM32CubeIDE/plugins/com.st.stm32cube.ide.mcu.externaltools.gnu-tools-for-stm32.13.3.rel1.win32_1.0.100.202509120712/tools/bin/../lib/gcc/arm-none-eabi/13.3.1/../../../../arm-none-eabi/lib/thumb/v6-m/nofp\libc_nano.a(libc_a-lseekr.o)
[...]
Memory Configuration

Name             Origin             Length             Attributes
RAM              0x20000000         0x00001000         xrw
FLASH            0x08000000         0x00004000         xr
*default*        0x00000000         0xffffffff

Linker script and memory map

LOAD C:/ST/STM32CubeIDE_2.0.0/STM32CubeIDE/plugins/com.st.stm32cube.ide.mcu.externaltools.gnu-tools-for-stm32.13.3.rel1.win32_1.0.100.202509120712/tools/bin/../lib/gcc/arm-none-eabi/13.3.1/thumb/v6-m/nofp/crti.o
LOAD C:/ST/STM32CubeIDE_2.0.0/STM32CubeIDE/plugins/com.st.stm32cube.ide.mcu.externaltools.gnu-tools-for-stm32.13.3.rel1.win32_1.0.100.202509120712/tools/bin/../lib/gcc/arm-none-eabi/13.3.1/thumb/v6-m/nofp/crtbegin.o
LOAD C:/ST/STM32CubeIDE_2.0.0/STM32CubeIDE/plugins/com.st.stm32cube.ide.mcu.externaltools.gnu-tools-for-stm32.13.3.rel1.win32_1.0.100.202509120712/tools/bin/../lib/gcc/arm-none-eabi/13.3.1/../../../../arm-none-eabi/lib/thumb/v6-m/nofp/crt0.o
LOAD ./Drivers/STM32F0xx_HAL_Driver/Src/stm32f0xx_hal.o
LOAD ./Drivers/STM32F0xx_HAL_Driver/Src/stm32f0xx_hal_adc.o
LOAD ./Drivers/STM32F0xx_HAL_Driver/Src/stm32f0xx_hal_adc_ex.o
LOAD ./Drivers/STM32F0xx_HAL_Driver/Src/stm32f0xx_hal_cortex.o
LOAD ./Drivers/STM32F0xx_HAL_Driver/Src/stm32f0xx_hal_dma.o
LOAD ./Drivers/STM32F0xx_HAL_Driver/Src/stm32f0xx_hal_exti.o
LOAD ./Drivers/STM32F0xx_HAL_Driver/Src/stm32f0xx_hal_flash.o
LOAD ./Drivers/STM32F0xx_HAL_Driver/Src/stm32f0xx_hal_flash_ex.o
LOAD ./Drivers/STM32F0xx_HAL_Driver/Src/stm32f0xx_hal_gpio.o
LOAD ./Drivers/STM32F0xx_HAL_Driver/Src/stm32f0xx_hal_i2c.o
LOAD ./Drivers/STM32F0xx_HAL_Driver/Src/stm32f0xx_hal_i2c_ex.o
LOAD ./Drivers/STM32F0xx_HAL_Driver/Src/stm32f0xx_hal_pwr.o
LOAD ./Drivers/STM32F0xx_HAL_Driver/Src/stm32f0xx_hal_pwr_ex.o
LOAD ./Drivers/STM32F0xx_HAL_Driver/Src/stm32f0xx_hal_rcc.o
LOAD ./Drivers/STM32F0xx_HAL_Driver/Src/stm32f0xx_hal_rcc_ex.o
LOAD ./Drivers/STM32F0xx_HAL_Driver/Src/stm32f0xx_hal_spi.o
LOAD ./Drivers/STM32F0xx_HAL_Driver/Src/stm32f0xx_hal_spi_ex.o
LOAD ./Drivers/STM32F0xx_HAL_Driver/Src/stm32f0xx_hal_tim.o
LOAD ./Drivers/STM32F0xx_HAL_Driver/Src/stm32f0xx_hal_tim_ex.o
LOAD ./External/Src/DCF77.o
LOAD ./External/Src/DHT22.o
LOAD ./External/Src/DS3231.o
LOAD ./External/Src/MCP23S17.o
LOAD ./External/Src/VFDDisplay.o
LOAD ./Src/main.o
LOAD ./Src/stm32f0xx_hal_msp.o
LOAD ./Src/stm32f0xx_it.o
LOAD ./Src/syscalls.o
LOAD ./Src/sysmem.o
LOAD ./Src/system_stm32f0xx.o
LOAD ./Startup/startup_stm32f030f4px.o
START GROUP
LOAD C:/ST/STM32CubeIDE_2.0.0/STM32CubeIDE/plugins/com.st.stm32cube.ide.mcu.externaltools.gnu-tools-for-stm32.13.3.rel1.win32_1.0.100.202509120712/tools/bin/../lib/gcc/arm-none-eabi/13.3.1/../../../../arm-none-eabi/lib/thumb/v6-m/nofp\libc_nano.a
LOAD C:/ST/STM32CubeIDE_2.0.0/STM32CubeIDE/plugins/com.st.stm32cube.ide.mcu.externaltools.gnu-tools-for-stm32.13.3.rel1.win32_1.0.100.202509120712/tools/bin/../lib/gcc/arm-none-eabi/13.3.1/../../../../arm-none-eabi/lib/thumb/v6-m/nofp\libm.a
END GROUP
START GROUP
LOAD C:/ST/STM32CubeIDE_2.0.0/STM32CubeIDE/plugins/com.st.stm32cube.ide.mcu.externaltools.gnu-tools-for-stm32.13.3.rel1.win32_1.0.100.202509120712/tools/bin/../lib/gcc/arm-none-eabi/13.3.1/thumb/v6-m/nofp\libgcc.a
LOAD C:/ST/STM32CubeIDE_2.0.0/STM32CubeIDE/plugins/com.st.stm32cube.ide.mcu.externaltools.gnu-tools-for-stm32.13.3.rel1.win32_1.0.100.202509120712/tools/bin/../lib/gcc/arm-none-eabi/13.3.1/../../../../arm-none-eabi/lib/thumb/v6-m/nofp\libc_nano.a
END GROUP
START GROUP
LOAD C:/ST/STM32CubeIDE_2.0.0/STM32CubeIDE/plugins/com.st.stm32cube.ide.mcu.externaltools.gnu-tools-for-stm32.13.3.rel1.win32_1.0.100.202509120712/tools/bin/../lib/gcc/arm-none-eabi/13.3.1/thumb/v6-m/nofp\libgcc.a
LOAD C:/ST/STM32CubeIDE_2.0.0/STM32CubeIDE/plugins/com.st.stm32cube.ide.mcu.externaltools.gnu-tools-for-stm32.13.3.rel1.win32_1.0.100.202509120712/tools/bin/../lib/gcc/arm-none-eabi/13.3.1/../../../../arm-none-eabi/lib/thumb/v6-m/nofp\libc_nano.a
LOAD C:/ST/STM32CubeIDE_2.0.0/STM32CubeIDE/plugins/com.st.stm32cube.ide.mcu.externaltools.gnu-tools-for-stm32.13.3.rel1.win32_1.0.100.202509120712/tools/bin/../lib/gcc/arm-none-eabi/13.3.1/../../../../arm-none-eabi/lib/thumb/v6-m/nofp\libnosys.a
END GROUP
START GROUP
LOAD C:/ST/STM32CubeIDE_2.0.0/STM32CubeIDE/plugins/com.st.stm32cube.ide.mcu.externaltools.gnu-tools-for-stm32.13.3.rel1.win32_1.0.100.202509120712/tools/bin/../lib/gcc/arm-none-eabi/13.3.1/thumb/v6-m/nofp\libgcc.a
LOAD C:/ST/STM32CubeIDE_2.0.0/STM32CubeIDE/plugins/com.st.stm32cube.ide.mcu.externaltools.gnu-tools-for-stm32.13.3.rel1.win32_1.0.100.202509120712/tools/bin/../lib/gcc/arm-none-eabi/13.3.1/../../../../arm-none-eabi/lib/thumb/v6-m/nofp\libc_nano.a
LOAD C:/ST/STM32CubeIDE_2.0.0/STM32CubeIDE/plugins/com.st.stm32cube.ide.mcu.externaltools.gnu-tools-for-stm32.13.3.rel1.win32_1.0.100.202509120712/tools/bin/../lib/gcc/arm-none-eabi/13.3.1/../../../../arm-none-eabi/lib/thumb/v6-m/nofp\libnosys.a
END GROUP
LOAD C:/ST/STM32CubeIDE_2.0.0/STM32CubeIDE/plugins/com.st.stm32cube.ide.mcu.externaltools.gnu-tools-for-stm32.13.3.rel1.win32_1.0.100.202509120712/tools/bin/../lib/gcc/arm-none-eabi/13.3.1/thumb/v6-m/nofp/crtend.o
LOAD C:/ST/STM32CubeIDE_2.0.0/STM32CubeIDE/plugins/com.st.stm32cube.ide.mcu.externaltools.gnu-tools-for-stm32.13.3.rel1.win32_1.0.100.202509120712/tools/bin/../lib/gcc/arm-none-eabi/13.3.1/thumb/v6-m/nofp/crtn.o
                0x20001000                        _estack = (ORIGIN (RAM) + LENGTH (RAM))
                0x00000200                        _Min_Heap_Size = 0x200
                0x00000400                        _Min_Stack_Size = 0x400

.isr_vector     0x08000000       0xc0
                0x08000000                        . = ALIGN (0x4)
 *(.isr_vector)
 .isr_vector    0x08000000       0xc0 ./Startup/startup_stm32f030f4px.o
                0x08000000                g_pfnVectors
                0x080000c0                        . = ALIGN (0x4)

.text           0x080000c0     0x34c0
                0x080000c0                        . = ALIGN (0x4)
 *(.text)
 .text          0x080000c0       0x48 C:/ST/STM32CubeIDE_2.0.0/STM32CubeIDE/plugins/com.st.stm32cube.ide.mcu.externaltools.gnu-tools-for-stm32.13.3.rel1.win32_1.0.100.202509120712/tools/bin/../lib/gcc/arm-none-eabi/13.3.1/thumb/v6-m/nofp/crtbegin.o
 .text          0x08000108      0x114 C:/ST/STM32CubeIDE_2.0.0/STM32CubeIDE/plugins/com.st.stm32cube.ide.mcu.externaltools.gnu-tools-for-stm32.13.3.rel1.win32_1.0.100.202509120712/tools/bin/../lib/gcc/arm-none-eabi/13.3.1/thumb/v6-m/nofp\libgcc.a(_udivsi3.o)
                0x08000108                __aeabi_uidiv
                0x08000108                __udivsi3
                0x08000214                __aeabi_uidivmod
 .text          0x0800021c      0x1d4 C:/ST/STM32CubeIDE_2.0.0/STM32CubeIDE/plugins/com.st.stm32cube.ide.mcu.externaltools.gnu-tools-for-stm32.13.3.rel1.win32_1.0.100.202509120712/tools/bin/../lib/gcc/arm-none-eabi/13.3.1/thumb/v6-m/nofp\libgcc.a(_divsi3.o)
                0x0800021c                __divsi3
                0x0800021c                __aeabi_idiv
                0x080003e8                __aeabi_idivmod
 .text          0x080003f0        0x4 C:/ST/STM32CubeIDE_2.0.0/STM32CubeIDE/plugins/com.st.stm32cube.ide.mcu.externaltools.gnu-tools-for-stm32.13.3.rel1.win32_1.0.100.202509120712/tools/bin/../lib/gcc/arm-none-eabi/13.3.1/thumb/v6-m/nofp\libgcc.a(_dvmd_tls.o)
                0x080003f0                __aeabi_idiv0
                0x080003f0                __aeabi_ldiv0
 *(.text*)
 .text.HAL_InitTick
                0x080003f4       0x48 ./Drivers/STM32F0xx_HAL_Driver/Src/stm32f0xx_hal.o
                0x080003f4                HAL_InitTick
 .text.HAL_Init
                0x0800043c       0x20 ./Drivers/STM32F0xx_HAL_Driver/Src/stm32f0xx_hal.o
                0x0800043c                HAL_Init
 .text.HAL_IncTick
                0x0800045c       0x18 ./Drivers/STM32F0xx_HAL_Driver/Src/stm32f0xx_hal.o
                0x0800045c                HAL_IncTick
 .text.HAL_GetTick
                0x08000474        0xc ./Drivers/STM32F0xx_HAL_Driver/Src/stm32f0xx_hal.o
                0x08000474                HAL_GetTick
 .text.HAL_Delay
                0x08000480       0x24 ./Drivers/STM32F0xx_HAL_Driver/Src/stm32f0xx_hal.o
                0x08000480                HAL_Delay
 .text.ADC_ConversionStop
                0x080004a4       0x5a ./Drivers/STM32F0xx_HAL_Driver/Src/stm32f0xx_hal_adc.o
 .text.ADC_Disable
                0x080004fe       0x78 ./Drivers/STM32F0xx_HAL_Driver/Src/stm32f0xx_hal_adc.o
 *fill*         0x08000576        0x2 
 .text.ADC_Enable.constprop.0
                0x08000578       0xa0 ./Drivers/STM32F0xx_HAL_Driver/Src/stm32f0xx_hal_adc.o
 .text.HAL_ADC_Init
                0x08000618      0x144 ./Drivers/STM32F0xx_HAL_Driver/Src/stm32f0xx_hal_adc.o
                0x08000618                HAL_ADC_Init
 .text.HAL_ADC_Start
                0x0800075c       0x58 ./Drivers/STM32F0xx_HAL_Driver/Src/stm32f0xx_hal_adc.o
                0x0800075c                HAL_ADC_Start
 .text.HAL_ADC_Stop
                0x080007b4       0x3c ./Drivers/STM32F0xx_HAL_Driver/Src/stm32f0xx_hal_adc.o
                0x080007b4                HAL_ADC_Stop
 .text.HAL_ADC_PollForConversion
                0x080007f0       0xc8 ./Drivers/STM32F0xx_HAL_Driver/Src/stm32f0xx_hal_adc.o
                0x080007f0                HAL_ADC_PollForConversion
 .text.HAL_ADC_GetValue
                0x080008b8        0x6 ./Drivers/STM32F0xx_HAL_Driver/Src/stm32f0xx_hal_adc.o
                0x080008b8                HAL_ADC_GetValue
 *fill*         0x080008be        0x2 
 .text.HAL_ADC_ConfigChannel
                0x080008c0       0xec ./Drivers/STM32F0xx_HAL_Driver/Src/stm32f0xx_hal_adc.o
                0x080008c0                HAL_ADC_ConfigChannel
 .text.HAL_NVIC_SetPriority
                0x080009ac       0x54 ./Drivers/STM32F0xx_HAL_Driver/Src/stm32f0xx_hal_cortex.o
                0x080009ac                HAL_NVIC_SetPriority
 .text.HAL_NVIC_EnableIRQ
                0x08000a00       0x18 ./Drivers/STM32F0xx_HAL_Driver/Src/stm32f0xx_hal_cortex.o
                0x08000a00                HAL_NVIC_EnableIRQ
 .text.HAL_SYSTICK_Config
                0x08000a18       0x34 ./Drivers/STM32F0xx_HAL_Driver/Src/stm32f0xx_hal_cortex.o
                0x08000a18                HAL_SYSTICK_Config
 .text.HAL_GPIO_Init
                0x08000a4c      0x170 ./Drivers/STM32F0xx_HAL_Driver/Src/stm32f0xx_hal_gpio.o
                0x08000a4c                HAL_GPIO_Init
 .text.HAL_GPIO_WritePin
                0x08000bbc        0xc ./Drivers/STM32F0xx_HAL_Driver/Src/stm32f0xx_hal_gpio.o
                0x08000bbc                HAL_GPIO_WritePin
 .text.HAL_GPIO_EXTI_Callback
                0x08000bc8        0x2 ./Drivers/STM32F0xx_HAL_Driver/Src/stm32f0xx_hal_gpio.o
                0x08000bc8                HAL_GPIO_EXTI_Callback
 *fill*         0x08000bca        0x2 
 .text.HAL_GPIO_EXTI_IRQHandler
                0x08000bcc       0x18 ./Drivers/STM32F0xx_HAL_Driver/Src/stm32f0xx_hal_gpio.o
                0x08000bcc                HAL_GPIO_EXTI_IRQHandler
 .text.I2C_Flush_TXDR
                0x08000be4       0x1c ./Drivers/STM32F0xx_HAL_Driver/Src/stm32f0xx_hal_i2c.o
 .text.I2C_TransferConfig
                0x08000c00       0x2c ./Drivers/STM32F0xx_HAL_Driver/Src/stm32f0xx_hal_i2c.o
 .text.I2C_IsErrorOccurred
                0x08000c2c       0xfc ./Drivers/STM32F0xx_HAL_Driver/Src/stm32f0xx_hal_i2c.o
 .text.I2C_WaitOnTXISFlagUntilTimeout
                0x08000d28       0x5c ./Drivers/STM32F0xx_HAL_Driver/Src/stm32f0xx_hal_i2c.o
 .text.I2C_WaitOnFlagUntilTimeout
                0x08000d84       0x6e ./Drivers/STM32F0xx_HAL_Driver/Src/stm32f0xx_hal_i2c.o
 .text.I2C_WaitOnSTOPFlagUntilTimeout
                0x08000df2       0x54 ./Drivers/STM32F0xx_HAL_Driver/Src/stm32f0xx_hal_i2c.o
 *fill*         0x08000e46        0x2 
 .text.HAL_I2C_Init
                0x08000e48       0xbc ./Drivers/STM32F0xx_HAL_Driver/Src/stm32f0xx_hal_i2c.o
                0x08000e48                HAL_I2C_Init
 .text.HAL_I2C_Mem_Write
                0x08000f04      0x1b4 ./Drivers/STM32F0xx_HAL_Driver/Src/stm32f0xx_hal_i2c.o
                0x08000f04                HAL_I2C_Mem_Write
 .text.HAL_I2C_Mem_Read
                0x080010b8      0x1bc ./Drivers/STM32F0xx_HAL_Driver/Src/stm32f0xx_hal_i2c.o
                0x080010b8                HAL_I2C_Mem_Read
 .text.HAL_I2C_GetState
                0x08001274        0x8 ./Drivers/STM32F0xx_HAL_Driver/Src/stm32f0xx_hal_i2c.o
                0x08001274                HAL_I2C_GetState
 .text.HAL_I2CEx_ConfigAnalogFilter
                0x0800127c       0x4c ./Drivers/STM32F0xx_HAL_Driver/Src/stm32f0xx_hal_i2c_ex.o
                0x0800127c                HAL_I2CEx_ConfigAnalogFilter
 .text.HAL_I2CEx_ConfigDigitalFilter
                0x080012c8       0x48 ./Drivers/STM32F0xx_HAL_Driver/Src/stm32f0xx_hal_i2c_ex.o
                0x080012c8                HAL_I2CEx_ConfigDigitalFilter
 .text.HAL_RCC_OscConfig
                0x08001310      0x3fc ./Drivers/STM32F0xx_HAL_Driver/Src/stm32f0xx_hal_rcc.o
                0x08001310                HAL_RCC_OscConfig
 .text.HAL_RCC_GetSysClockFreq
                0x0800170c       0x4c ./Drivers/STM32F0xx_HAL_Driver/Src/stm32f0xx_hal_rcc.o
                0x0800170c                HAL_RCC_GetSysClockFreq
 .text.HAL_RCC_ClockConfig
                0x08001758      0x108 ./Drivers/STM32F0xx_HAL_Driver/Src/stm32f0xx_hal_rcc.o
                0x08001758                HAL_RCC_ClockConfig
 .text.HAL_RCC_GetHCLKFreq
                0x08001860        0xc ./Drivers/STM32F0xx_HAL_Driver/Src/stm32f0xx_hal_rcc.o
                0x08001860                HAL_RCC_GetHCLKFreq
 .text.HAL_RCCEx_PeriphCLKConfig
                0x0800186c      0x10c ./Drivers/STM32F0xx_HAL_Driver/Src/stm32f0xx_hal_rcc_ex.o
                0x0800186c                HAL_RCCEx_PeriphCLKConfig
 .text.SPI_WaitFlagStateUntilTimeout.constprop.0
                0x08001978       0xb8 ./Drivers/STM32F0xx_HAL_Driver/Src/stm32f0xx_hal_spi.o
 .text.SPI_WaitFifoStateUntilTimeout.constprop.0
                0x08001a30       0xd8 ./Drivers/STM32F0xx_HAL_Driver/Src/stm32f0xx_hal_spi.o
 .text.SPI_EndRxTxTransaction
                0x08001b08       0x46 ./Drivers/STM32F0xx_HAL_Driver/Src/stm32f0xx_hal_spi.o
 *fill*         0x08001b4e        0x2 
 .text.HAL_SPI_Init
                0x08001b50       0xf0 ./Drivers/STM32F0xx_HAL_Driver/Src/stm32f0xx_hal_spi.o
                0x08001b50                HAL_SPI_Init
 .text.HAL_SPI_Transmit
                0x08001c40      0x184 ./Drivers/STM32F0xx_HAL_Driver/Src/stm32f0xx_hal_spi.o
                0x08001c40                HAL_SPI_Transmit
 .text.HAL_SPI_GetState
                0x08001dc4        0x8 ./Drivers/STM32F0xx_HAL_Driver/Src/stm32f0xx_hal_spi.o
                0x08001dc4                HAL_SPI_GetState
 .text.TIM_OC1_SetConfig
                0x08001dcc       0x68 ./Drivers/STM32F0xx_HAL_Driver/Src/stm32f0xx_hal_tim.o
 .text.TIM_OC3_SetConfig
                0x08001e34       0x80 ./Drivers/STM32F0xx_HAL_Driver/Src/stm32f0xx_hal_tim.o
 .text.TIM_OC4_SetConfig
                0x08001eb4       0x68 ./Drivers/STM32F0xx_HAL_Driver/Src/stm32f0xx_hal_tim.o
 .text.HAL_TIM_Base_Start_IT
                0x08001f1c       0x4c ./Drivers/STM32F0xx_HAL_Driver/Src/stm32f0xx_hal_tim.o
                0x08001f1c                HAL_TIM_Base_Start_IT
 .text.HAL_TIM_PWM_MspInit
                0x08001f68        0x2 ./Drivers/STM32F0xx_HAL_Driver/Src/stm32f0xx_hal_tim.o
                0x08001f68                HAL_TIM_PWM_MspInit
 .text.HAL_TIM_OC_DelayElapsedCallback
                0x08001f6a        0x2 ./Drivers/STM32F0xx_HAL_Driver/Src/stm32f0xx_hal_tim.o
                0x08001f6a                HAL_TIM_OC_DelayElapsedCallback
 .text.HAL_TIM_IC_CaptureCallback
                0x08001f6c        0x2 ./Drivers/STM32F0xx_HAL_Driver/Src/stm32f0xx_hal_tim.o
                0x08001f6c                HAL_TIM_IC_CaptureCallback
 .text.HAL_TIM_PWM_PulseFinishedCallback
                0x08001f6e        0x2 ./Drivers/STM32F0xx_HAL_Driver/Src/stm32f0xx_hal_tim.o
                0x08001f6e                HAL_TIM_PWM_PulseFinishedCallback
 .text.HAL_TIM_TriggerCallback
                0x08001f70        0x2 ./Drivers/STM32F0xx_HAL_Driver/Src/stm32f0xx_hal_tim.o
                0x08001f70                HAL_TIM_TriggerCallback
 .text.HAL_TIM_IRQHandler
                0x08001f72      0x138 ./Drivers/STM32F0xx_HAL_Driver/Src/stm32f0xx_hal_tim.o
                0x08001f72                HAL_TIM_IRQHandler
 *fill*         0x080020aa        0x2 
 .text.TIM_Base_SetConfig
                0x080020ac       0x88 ./Drivers/STM32F0xx_HAL_Driver/Src/stm32f0xx_hal_tim.o
                0x080020ac                TIM_Base_SetConfig
 .text.HAL_TIM_Base_Init
                0x08002134       0x50 ./Drivers/STM32F0xx_HAL_Driver/Src/stm32f0xx_hal_tim.o
                0x08002134                HAL_TIM_Base_Init
 .text.HAL_TIM_PWM_Init
                0x08002184       0x50 ./Drivers/STM32F0xx_HAL_Driver/Src/stm32f0xx_hal_tim.o
                0x08002184                HAL_TIM_PWM_Init
 .text.TIM_OC2_SetConfig
                0x080021d4       0x78 ./Drivers/STM32F0xx_HAL_Driver/Src/stm32f0xx_hal_tim.o
                0x080021d4                TIM_OC2_SetConfig
 .text.HAL_TIM_PWM_ConfigChannel
                0x0800224c       0xc0 ./Drivers/STM32F0xx_HAL_Driver/Src/stm32f0xx_hal_tim.o
                0x0800224c                HAL_TIM_PWM_ConfigChannel
 .text.TIM_ETR_SetConfig
                0x0800230c       0x18 ./Drivers/STM32F0xx_HAL_Driver/Src/stm32f0xx_hal_tim.o
                0x0800230c                TIM_ETR_SetConfig
 .text.HAL_TIM_ConfigClockSource
                0x08002324      0x12c ./Drivers/STM32F0xx_HAL_Driver/Src/stm32f0xx_hal_tim.o
                0x08002324                HAL_TIM_ConfigClockSource
 .text.HAL_TIMEx_MasterConfigSynchronization
                0x08002450       0x50 ./Drivers/STM32F0xx_HAL_Driver/Src/stm32f0xx_hal_tim_ex.o
                0x08002450                HAL_TIMEx_MasterConfigSynchronization
 .text.HAL_TIMEx_CommutCallback
                0x080024a0        0x2 ./Drivers/STM32F0xx_HAL_Driver/Src/stm32f0xx_hal_tim_ex.o
                0x080024a0                HAL_TIMEx_CommutCallback
 .text.HAL_TIMEx_BreakCallback
                0x080024a2        0x2 ./Drivers/STM32F0xx_HAL_Driver/Src/stm32f0xx_hal_tim_ex.o
                0x080024a2                HAL_TIMEx_BreakCallback
 .text.DHT22_Init
                0x080024a4       0x28 ./External/Src/DHT22.o
                0x080024a4                DHT22_Init
 .text.DHT22_Read
                0x080024cc      0x128 ./External/Src/DHT22.o
                0x080024cc                DHT22_Read
 .text.DS3231_DECtoBCD
                0x080025f4       0x1a ./External/Src/DS3231.o
 .text.DS3231_ReadData
                0x0800260e       0x30 ./External/Src/DS3231.o
 .text.DS3231_WriteData
                0x0800263e       0x30 ./External/Src/DS3231.o
 .text.DS3231_Init
                0x0800266e       0x3e ./External/Src/DS3231.o
                0x0800266e                DS3231_Init
 .text.DS3231_SetTime
                0x080026ac       0x44 ./External/Src/DS3231.o
                0x080026ac                DS3231_SetTime
 .text.DS3231_GetTime
                0x080026f0       0x60 ./External/Src/DS3231.o
                0x080026f0                DS3231_GetTime
 .text.DS3231_SetDate
                0x08002750       0x36 ./External/Src/DS3231.o
                0x08002750                DS3231_SetDate
 .text.DS3231_GetDate
                0x08002786       0x48 ./External/Src/DS3231.o
                0x08002786                DS3231_GetDate
 .text.MCP23S17_SPI_Write
                0x080027ce       0x42 ./External/Src/MCP23S17.o
 .text.MCP23S17_Init
                0x08002810       0x80 ./External/Src/MCP23S17.o
                0x08002810                MCP23S17_Init
 .text.MCP23S17_PortMode
                0x08002890       0x16 ./External/Src/MCP23S17.o
                0x08002890                MCP23S17_PortMode
 .text.MCP23S17_WritePort
                0x080028a6       0x12 ./External/Src/MCP23S17.o
                0x080028a6                MCP23S17_WritePort
 .text.VFD_ShowText
                0x080028b8       0x68 ./External/Src/VFDDisplay.o
 .text.VFD_Show
                0x08002920       0xa0 ./External/Src/VFDDisplay.o
                0x08002920                VFD_Show
 .text.VFD_ShowTemp
                0x080029c0       0x58 ./External/Src/VFDDisplay.o
                0x080029c0                VFD_ShowTemp
 .text.VFD_ShowHum
                0x08002a18       0x58 ./External/Src/VFDDisplay.o
                0x08002a18                VFD_ShowHum
 .text.VFD_ShowMainMenu
                0x08002a70       0x42 ./External/Src/VFDDisplay.o
                0x08002a70                VFD_ShowMainMenu
 .text.SystemClock_Config
                0x08002ab2       0x7c ./Src/main.o
                0x08002ab2                SystemClock_Config
 *fill*         0x08002b2e        0x2 
 .text.AppInit  0x08002b30       0xcc ./Src/main.o
                0x08002b30                AppInit
 .text.Get_Pressed_Button
                0x08002bfc       0x6c ./Src/main.o
                0x08002bfc                Get_Pressed_Button
 .text.HAL_TIM_PeriodElapsedCallback
                0x08002c68       0x40 ./Src/main.o
                0x08002c68                HAL_TIM_PeriodElapsedCallback
 .text.AppRun   0x08002ca8      0x344 ./Src/main.o
                0x08002ca8                AppRun
 .text.startup.main
                0x08002fec      0x288 ./Src/main.o
                0x08002fec                main
 .text.HAL_MspInit
                0x08003274       0x30 ./Src/stm32f0xx_hal_msp.o
                0x08003274                HAL_MspInit
 .text.HAL_ADC_MspInit
                0x080032a4       0x5c ./Src/stm32f0xx_hal_msp.o
                0x080032a4                HAL_ADC_MspInit
 .text.HAL_I2C_MspInit
                0x08003300       0x68 ./Src/stm32f0xx_hal_msp.o
                0x08003300                HAL_I2C_MspInit
 .text.HAL_SPI_MspInit
                0x08003368       0x7c ./Src/stm32f0xx_hal_msp.o
                0x08003368                HAL_SPI_MspInit
 .text.HAL_TIM_Base_MspInit
                0x080033e4       0x58 ./Src/stm32f0xx_hal_msp.o
                0x080033e4                HAL_TIM_Base_MspInit
 .text.HAL_TIM_MspPostInit
                0x0800343c       0x50 ./Src/stm32f0xx_hal_msp.o
                0x0800343c                HAL_TIM_MspPostInit
 .text.NMI_Handler
                0x0800348c        0x2 ./Src/stm32f0xx_it.o
                0x0800348c                NMI_Handler
 .text.HardFault_Handler
                0x0800348e        0x2 ./Src/stm32f0xx_it.o
                0x0800348e                HardFault_Handler
 .text.SVC_Handler
                0x08003490        0x2 ./Src/stm32f0xx_it.o
                0x08003490                SVC_Handler
 .text.PendSV_Handler
                0x08003492        0x2 ./Src/stm32f0xx_it.o
                0x08003492                PendSV_Handler
 .text.SysTick_Handler
                0x08003494        0x8 ./Src/stm32f0xx_it.o
                0x08003494                SysTick_Handler
 .text.EXTI0_1_IRQHandler
                0x0800349c        0xa ./Src/stm32f0xx_it.o
                0x0800349c                EXTI0_1_IRQHandler
 *fill*         0x080034a6        0x2 
 .text.TIM3_IRQHandler
                0x080034a8       0x10 ./Src/stm32f0xx_it.o
                0x080034a8                TIM3_IRQHandler
 .text.SystemInit
                0x080034b8        0x2 ./Src/system_stm32f0xx.o
                0x080034b8                SystemInit
 *fill*         0x080034ba        0x2 
 .text.Reset_Handler
                0x080034bc       0x50 ./Startup/startup_stm32f030f4px.o
                0x080034bc                Reset_Handler
 .text.Default_Handler
                0x0800350c        0x2 ./Startup/startup_stm32f030f4px.o
                0x0800350c                TIM1_CC_IRQHandler
                0x0800350c                I2C1_IRQHandler
                0x0800350c                SPI1_IRQHandler
                0x0800350c                EXTI2_3_IRQHandler
                0x0800350c                ADC1_IRQHandler
                0x0800350c                TIM17_IRQHandler
                0x0800350c                RTC_IRQHandler
                0x0800350c                TIM16_IRQHandler
                0x0800350c                EXTI4_15_IRQHandler
                0x0800350c                RCC_IRQHandler
                0x0800350c                DMA1_Channel1_IRQHandler
                0x0800350c                Default_Handler
                0x0800350c                TIM14_IRQHandler
                0x0800350c                DMA1_Channel4_5_IRQHandler
                0x0800350c                WWDG_IRQHandler
                0x0800350c                DMA1_Channel2_3_IRQHandler
                0x0800350c                FLASH_IRQHandler
                0x0800350c                USART1_IRQHandler
                0x0800350c                TIM1_BRK_UP_TRG_COM_IRQHandler
 .text.memset   0x0800350e       0x10 C:/ST/STM32CubeIDE_2.0.0/STM32CubeIDE/plugins/com.st.stm32cube.ide.mcu.externaltools.gnu-tools-for-stm32.13.3.rel1.win32_1.0.100.202509120712/tools/bin/../lib/gcc/arm-none-eabi/13.3.1/../../../../arm-none-eabi/lib/thumb/v6-m/nofp\libc_nano.a(libc_a-memset.o)
                0x0800350e                memset
 *fill*         0x0800351e        0x2 
 .text.__libc_init_array
                0x08003520       0x48 C:/ST/STM32CubeIDE_2.0.0/STM32CubeIDE/plugins/com.st.stm32cube.ide.mcu.externaltools.gnu-tools-for-stm32.13.3.rel1.win32_1.0.100.202509120712/tools/bin/../lib/gcc/arm-none-eabi/13.3.1/../../../../arm-none-eabi/lib/thumb/v6-m/nofp\libc_nano.a(libc_a-init.o)
                0x08003520                __libc_init_array
 *(.glue_7)
 .glue_7        0x08003568        0x0 linker stubs
 *(.glue_7t)
 .glue_7t       0x08003568        0x0 linker stubs
 *(.eh_frame)
 .eh_frame      0x08003568        0x0 C:/ST/STM32CubeIDE_2.0.0/STM32CubeIDE/plugins/com.st.stm32cube.ide.mcu.externaltools.gnu-tools-for-stm32.13.3.rel1.win32_1.0.100.202509120712/tools/bin/../lib/gcc/arm-none-eabi/13.3.1/thumb/v6-m/nofp/crtbegin.o
 *(.init)
 .init          0x08003568        0x4 C:/ST/STM32CubeIDE_2.0.0/STM32CubeIDE/plugins/com.st.stm32cube.ide.mcu.externaltools.gnu-tools-for-stm32.13.3.rel1.win32_1.0.100.202509120712/tools/bin/../lib/gcc/arm-none-eabi/13.3.1/thumb/v6-m/nofp/crti.o
                0x08003568                _init
 .init          0x0800356c        0x8 C:/ST/STM32CubeIDE_2.0.0/STM32CubeIDE/plugins/com.st.stm32cube.ide.mcu.externaltools.gnu-tools-for-stm32.13.3.rel1.win32_1.0.100.202509120712/tools/bin/../lib/gcc/arm-none-eabi/13.3.1/thumb/v6-m/nofp/crtn.o
 *(.fini)
 .fini          0x08003574        0x4 C:/ST/STM32CubeIDE_2.0.0/STM32CubeIDE/plugins/com.st.stm32cube.ide.mcu.externaltools.gnu-tools-for-stm32.13.3.rel1.win32_1.0.100.202509120712/tools/bin/../lib/gcc/arm-none-eabi/13.3.1/thumb/v6-m/nofp/crti.o
                0x08003574                _fini
 .fini          0x08003578        0x8 C:/ST/STM32CubeIDE_2.0.0/STM32CubeIDE/plugins/com.st.stm32cube.ide.mcu.externaltools.gnu-tools-for-stm32.13.3.rel1.win32_1.0.100.202509120712/tools/bin/../lib/gcc/arm-none-eabi/13.3.1/thumb/v6-m/nofp/crtn.o
                0x08003580                        . = ALIGN (0x4)
                0x08003580                        _etext = .

.vfp11_veneer   0x08003580        0x0
 .vfp11_veneer  0x08003580        0x0 linker stubs

.v4_bx          0x08003580        0x0
 .v4_bx         0x08003580        0x0 linker stubs

.iplt           0x08003580        0x0
 .iplt          0x08003580        0x0 C:/ST/STM32CubeIDE_2.0.0/STM32CubeIDE/plugins/com.st.stm32cube.ide.mcu.externaltools.gnu-tools-for-stm32.13.3.rel1.win32_1.0.100.202509120712/tools/bin/../lib/gcc/arm-none-eabi/13.3.1/thumb/v6-m/nofp/crtbegin.o

.rodata         0x08003580       0x44
                0x08003580                        . = ALIGN (0x4)
 *(.rodata)
 *(.rodata*)
 .rodata.aPredivFactorTable.0
                0x08003580       0x10 ./Drivers/STM32F0xx_HAL_Driver/Src/stm32f0xx_hal_rcc.o
 .rodata.aPLLMULFactorTable.1
                0x08003590       0x10 ./Drivers/STM32F0xx_HAL_Driver/Src/stm32f0xx_hal_rcc.o
 .rodata.VFDDigits
                0x080035a0        0xa ./External/Src/VFDDisplay.o
 .rodata.VFDSecDigits
                0x080035aa        0xa ./External/Src/VFDDisplay.o
 .rodata.AHBPrescTable
                0x080035b4       0x10 ./Src/system_stm32f0xx.o
                0x080035b4                AHBPrescTable
                0x080035c4                        . = ALIGN (0x4)

.ARM.extab      0x080035c4        0x0
                0x080035c4                        . = ALIGN (0x4)
 *(.ARM.extab* .gnu.linkonce.armextab.*)
                0x080035c4                        . = ALIGN (0x4)

.ARM            0x080035c4        0x0
                0x080035c4                        . = ALIGN (0x4)
                0x080035c4                        __exidx_start = .
 *(.ARM.exidx*)
                0x080035c4                        __exidx_end = .
                0x080035c4                        . = ALIGN (0x4)

.preinit_array  0x080035c4        0x0
                0x080035c4                        . = ALIGN (0x4)
                0x080035c4                        PROVIDE (__preinit_array_start = .)
 *(.preinit_array*)
                0x080035c4                        PROVIDE (__preinit_array_end = .)
                0x080035c4                        . = ALIGN (0x4)

.init_array     0x080035c4        0x4
                0x080035c4                        . = ALIGN (0x4)
                0x080035c4                        PROVIDE (__init_array_start = .)
 *(SORT_BY_NAME(.init_array.*))
 *(.init_array*)
 .init_array    0x080035c4        0x4 C:/ST/STM32CubeIDE_2.0.0/STM32CubeIDE/plugins/com.st.stm32cube.ide.mcu.externaltools.gnu-tools-for-stm32.13.3.rel1.win32_1.0.100.202509120712/tools/bin/../lib/gcc/arm-none-eabi/13.3.1/thumb/v6-m/nofp/crtbegin.o
                0x080035c8                        PROVIDE (__init_array_end = .)
                0x080035c8                        . = ALIGN (0x4)

.fini_array     0x080035c8        0x4
                0x080035c8                        . = ALIGN (0x4)
                [!provide]                        PROVIDE (__fini_array_start = .)
 *(SORT_BY_NAME(.fini_array.*))
 *(.fini_array*)
 .fini_array    0x080035c8        0x4 C:/ST/STM32CubeIDE_2.0.0/STM32CubeIDE/plugins/com.st.stm32cube.ide.mcu.externaltools.gnu-tools-for-stm32.13.3.rel1.win32_1.0.100.202509120712/tools/bin/../lib/gcc/arm-none-eabi/13.3.1/thumb/v6-m/nofp/crtbegin.o
                [!provide]                        PROVIDE (__fini_array_end = .)
                0x080035cc                        . = ALIGN (0x4)
                0x080035cc                        _sidata = LOADADDR (.data)

.rel.dyn        0x080035cc        0x0
 .rel.iplt      0x080035cc        0x0 C:/ST/STM32CubeIDE_2.0.0/STM32CubeIDE/plugins/com.st.stm32cube.ide.mcu.externaltools.gnu-tools-for-stm32.13.3.rel1.win32_1.0.100.202509120712/tools/bin/../lib/gcc/arm-none-eabi/13.3.1/thumb/v6-m/nofp/crtbegin.o

.data           0x20000000       0x10 load address 0x080035cc
                0x20000000                        . = ALIGN (0x4)
                0x20000000                        _sdata = .
 *(.data)
 *(.data*)
 .data.uwTickFreq
                0x20000000        0x1 ./Drivers/STM32F0xx_HAL_Driver/Src/stm32f0xx_hal.o
                0x20000000                uwTickFreq
 *fill*         0x20000001        0x3 
 .data.uwTickPrio
                0x20000004        0x4 ./Drivers/STM32F0xx_HAL_Driver/Src/stm32f0xx_hal.o
                0x20000004                uwTickPrio
 .data.us_Multiplier
                0x20000008        0x4 ./External/Src/DHT22.o
 .data.SystemCoreClock
                0x2000000c        0x4 ./Src/system_stm32f0xx.o
                0x2000000c                SystemCoreClock
 *(.RamFunc)
 *(.RamFunc*)
                0x20000010                        . = ALIGN (0x4)
                0x20000010                        _edata = .

.igot.plt       0x20000010        0x0 load address 0x080035dc
 .igot.plt      0x20000010        0x0 C:/ST/STM32CubeIDE_2.0.0/STM32CubeIDE/plugins/com.st.stm32cube.ide.mcu.externaltools.gnu-tools-for-stm32.13.3.rel1.win32_1.0.100.202509120712/tools/bin/../lib/gcc/arm-none-eabi/13.3.1/thumb/v6-m/nofp/crtbegin.o
                0x20000010                        . = ALIGN (0x4)

.bss            0x20000010      0x230 load address 0x080035dc
                0x20000010                        _sbss = .
                0x20000010                        __bss_start__ = _sbss
 *(.bss)
 .bss           0x20000010       0x1c C:/ST/STM32CubeIDE_2.0.0/STM32CubeIDE/plugins/com.st.stm32cube.ide.mcu.externaltools.gnu-tools-for-stm32.13.3.rel1.win32_1.0.100.202509120712/tools/bin/../lib/gcc/arm-none-eabi/13.3.1/thumb/v6-m/nofp/crtbegin.o
 *(.bss*)
 .bss.uwTick    0x2000002c        0x4 ./Drivers/STM32F0xx_HAL_Driver/Src/stm32f0xx_hal.o
                0x2000002c                uwTick
 .bss.last_display_tick.0
                0x20000030        0x4 ./Src/main.o
 .bss.blink_state.1
                0x20000034        0x1 ./Src/main.o
 *fill*         0x20000035        0x3 
 .bss.last_blink_tick.2
                0x20000038        0x4 ./Src/main.o
 .bss.last_dht_read.3
                0x2000003c        0x4 ./Src/main.o
 .bss.last_rtc_read.4
                0x20000040        0x4 ./Src/main.o
 .bss.last_btn.5
                0x20000044        0x1 ./Src/main.o
 .bss.event_btn
                0x20000045        0x1 ./Src/main.o
                0x20000045                event_btn
 .bss.current_btn
                0x20000046        0x1 ./Src/main.o
                0x20000046                current_btn
 .bss.fl_btn_pressed
                0x20000047        0x1 ./Src/main.o
                0x20000047                fl_btn_pressed
 .bss.sub_menu_index
                0x20000048        0x1 ./Src/main.o
                0x20000048                sub_menu_index
 .bss.main_menu_index
                0x20000049        0x1 ./Src/main.o
                0x20000049                main_menu_index
 .bss.current_state
                0x2000004a        0x1 ./Src/main.o
                0x2000004a                current_state
 .bss.fAmPm     0x2000004b        0x1 ./Src/main.o
                0x2000004b                fAmPm
 .bss.hrformat  0x2000004c        0x1 ./Src/main.o
                0x2000004c                hrformat
 .bss.Date      0x2000004d        0x4 ./Src/main.o
                0x2000004d                Date
 .bss.Time      0x20000051        0x3 ./Src/main.o
                0x20000051                Time
 .bss.THSens    0x20000054        0xc ./Src/main.o
                0x20000054                THSens
 .bss.RTCM      0x20000060       0x10 ./Src/main.o
                0x20000060                RTCM
 .bss.RMI03_Seconds
                0x20000070       0x18 ./Src/main.o
                0x20000070                RMI03_Seconds
 .bss.RMI02_Minutes
                0x20000088       0x18 ./Src/main.o
                0x20000088                RMI02_Minutes
 .bss.RMI01_Hours
                0x200000a0       0x18 ./Src/main.o
                0x200000a0                RMI01_Hours
 .bss.htim14    0x200000b8       0x48 ./Src/main.o
                0x200000b8                htim14
 .bss.htim3     0x20000100       0x48 ./Src/main.o
                0x20000100                htim3
 .bss.hspi1     0x20000148       0x64 ./Src/main.o
                0x20000148                hspi1
 .bss.hi2c1     0x200001ac       0x54 ./Src/main.o
                0x200001ac                hi2c1
 .bss.hadc      0x20000200       0x40 ./Src/main.o
                0x20000200                hadc
 *(COMMON)
                0x20000240                        . = ALIGN (0x4)
                0x20000240                        _ebss = .
                0x20000240                        __bss_end__ = _ebss

._user_heap_stack
                0x20000240      0x600 load address 0x080035dc
                0x20000240                        . = ALIGN (0x8)
                [!provide]                        PROVIDE (end = .)
                0x20000240                        PROVIDE (_end = .)
                0x20000440                        . = (. + _Min_Heap_Size)
 *fill*         0x20000240      0x200 
                0x20000840                        . = (. + _Min_Stack_Size)
 *fill*         0x20000440      0x400 
                0x20000840                        . = ALIGN (0x8)

/DISCARD/
 libc.a(*)
 libm.a(*)
 libgcc.a(*)

.ARM.attributes
                0x00000000       0x28
 *(.ARM.attributes)
 .ARM.attributes
                0x00000000       0x1e C:/ST/STM32CubeIDE_2.0.0/STM32CubeIDE/plugins/com.st.stm32cube.ide.mcu.externaltools.gnu-tools-for-stm32.13.3.rel1.win32_1.0.100.202509120712/tools/bin/../lib/gcc/arm-none-eabi/13.3.1/thumb/v6-m/nofp/crti.o
 .ARM.attributes
                0x0000001e       0x2c C:/ST/STM32CubeIDE_2.0.0/STM32CubeIDE/plugins/com.st.stm32cube.ide.mcu.externaltools.gnu-tools-for-stm32.13.3.rel1.win32_1.0.100.202509120712/tools/bin/../lib/gcc/arm-none-eabi/13.3.1/thumb/v6-m/nofp/crtbegin.o
 .ARM.attributes
                0x0000004a       0x2c ./Drivers/STM32F0xx_HAL_Driver/Src/stm32f0xx_hal.o
 .ARM.attributes
                0x00000076       0x2c ./Drivers/STM32F0xx_HAL_Driver/Src/stm32f0xx_hal_adc.o
 .ARM.attributes
                0x000000a2       0x2c ./Drivers/STM32F0xx_HAL_Driver/Src/stm32f0xx_hal_cortex.o
 .ARM.attributes
                0x000000ce       0x2c ./Drivers/STM32F0xx_HAL_Driver/Src/stm32f0xx_hal_gpio.o
 .ARM.attributes
                0x000000fa       0x2c ./Drivers/STM32F0xx_HAL_Driver/Src/stm32f0xx_hal_i2c.o
 .ARM.attributes
                0x00000126       0x2c ./Drivers/STM32F0xx_HAL_Driver/Src/stm32f0xx_hal_i2c_ex.o
 .ARM.attributes
                0x00000152       0x2c ./Drivers/STM32F0xx_HAL_Driver/Src/stm32f0xx_hal_rcc.o
 .ARM.attributes
                0x0000017e       0x2c ./Drivers/STM32F0xx_HAL_Driver/Src/stm32f0xx_hal_rcc_ex.o
 .ARM.attributes
                0x000001aa       0x2c ./Drivers/STM32F0xx_HAL_Driver/Src/stm32f0xx_hal_spi.o
 .ARM.attributes
                0x000001d6       0x2c ./Drivers/STM32F0xx_HAL_Driver/Src/stm32f0xx_hal_tim.o
 .ARM.attributes
                0x00000202       0x2c ./Drivers/STM32F0xx_HAL_Driver/Src/stm32f0xx_hal_tim_ex.o
 .ARM.attributes
                0x0000022e       0x2c ./External/Src/DHT22.o
 .ARM.attributes
                0x0000025a       0x2c ./External/Src/DS3231.o
 .ARM.attributes
                0x00000286       0x2c ./External/Src/MCP23S17.o
 .ARM.attributes
                0x000002b2       0x2c ./External/Src/VFDDisplay.o
 .ARM.attributes
                0x000002de       0x2c ./Src/main.o
 .ARM.attributes
                0x0000030a       0x2c ./Src/stm32f0xx_hal_msp.o
 .ARM.attributes
                0x00000336       0x2c ./Src/stm32f0xx_it.o
 .ARM.attributes
                0x00000362       0x2c ./Src/system_stm32f0xx.o
 .ARM.attributes
                0x0000038e       0x21 ./Startup/startup_stm32f030f4px.o
 .ARM.attributes
                0x000003af       0x2c C:/ST/STM32CubeIDE_2.0.0/STM32CubeIDE/plugins/com.st.stm32cube.ide.mcu.externaltools.gnu-tools-for-stm32.13.3.rel1.win32_1.0.100.202509120712/tools/bin/../lib/gcc/arm-none-eabi/13.3.1/../../../../arm-none-eabi/lib/thumb/v6-m/nofp\libc_nano.a(libc_a-memset.o)
 .ARM.attributes
                0x000003db       0x2c C:/ST/STM32CubeIDE_2.0.0/STM32CubeIDE/plugins/com.st.stm32cube.ide.mcu.externaltools.gnu-tools-for-stm32.13.3.rel1.win32_1.0.100.202509120712/tools/bin/../lib/gcc/arm-none-eabi/13.3.1/../../../../arm-none-eabi/lib/thumb/v6-m/nofp\libc_nano.a(libc_a-init.o)
 .ARM.attributes
                0x00000407       0x1e C:/ST/STM32CubeIDE_2.0.0/STM32CubeIDE/plugins/com.st.stm32cube.ide.mcu.externaltools.gnu-tools-for-stm32.13.3.rel1.win32_1.0.100.202509120712/tools/bin/../lib/gcc/arm-none-eabi/13.3.1/thumb/v6-m/nofp\libgcc.a(_udivsi3.o)
 .ARM.attributes
                0x00000425       0x1e C:/ST/STM32CubeIDE_2.0.0/STM32CubeIDE/plugins/com.st.stm32cube.ide.mcu.externaltools.gnu-tools-for-stm32.13.3.rel1.win32_1.0.100.202509120712/tools/bin/../lib/gcc/arm-none-eabi/13.3.1/thumb/v6-m/nofp\libgcc.a(_divsi3.o)
 .ARM.attributes
                0x00000443       0x1e C:/ST/STM32CubeIDE_2.0.0/STM32CubeIDE/plugins/com.st.stm32cube.ide.mcu.externaltools.gnu-tools-for-stm32.13.3.rel1.win32_1.0.100.202509120712/tools/bin/../lib/gcc/arm-none-eabi/13.3.1/thumb/v6-m/nofp\libgcc.a(_dvmd_tls.o)
 .ARM.attributes
                0x00000461       0x1e C:/ST/STM32CubeIDE_2.0.0/STM32CubeIDE/plugins/com.st.stm32cube.ide.mcu.externaltools.gnu-tools-for-stm32.13.3.rel1.win32_1.0.100.202509120712/tools/bin/../lib/gcc/arm-none-eabi/13.3.1/thumb/v6-m/nofp/crtn.o
OUTPUT(IV6_Clock.elf elf32-littlearm)
LOAD linker stubs
LOAD C:/ST/STM32CubeIDE_2.0.0/STM32CubeIDE/plugins/com.st.stm32cube.ide.mcu.externaltools.gnu-tools-for-stm32.13.3.rel1.win32_1.0.100.202509120712/tools/bin/../lib/gcc/arm-none-eabi/13.3.1/../../../../arm-none-eabi/lib/thumb/v6-m/nofp\libc.a
LOAD C:/ST/STM32CubeIDE_2.0.0/STM32CubeIDE/plugins/com.st.stm32cube.ide.mcu.externaltools.gnu-tools-for-stm32.13.3.rel1.win32_1.0.100.202509120712/tools/bin/../lib/gcc/arm-none-eabi/13.3.1/../../../../arm-none-eabi/lib/thumb/v6-m/nofp\libm.a
LOAD C:/ST/STM32CubeIDE_2.0.0/STM32CubeIDE/plugins/com.st.stm32cube.ide.mcu.externaltools.gnu-tools-for-stm32.13.3.rel1.win32_1.0.100.202509120712/tools/bin/../lib/gcc/arm-none-eabi/13.3.1/thumb/v6-m/nofp\libgcc.a

.debug_info     0x00000000    0x16c12
 .debug_info    0x00000000      0x736 ./Drivers/STM32F0xx_HAL_Driver/Src/stm32f0xx_hal.o
 .debug_info    0x00000736      0xf52 ./Drivers/STM32F0xx_HAL_Driver/Src/stm32f0xx_hal_adc.o
 .debug_info    0x00001688      0x803 ./Drivers/STM32F0xx_HAL_Driver/Src/stm32f0xx_hal_cortex.o
 .debug_info    0x00001e8b      0x60e ./Drivers/STM32F0xx_HAL_Driver/Src/stm32f0xx_hal_gpio.o
 .debug_info    0x00002499     0x3e57 ./Drivers/STM32F0xx_HAL_Driver/Src/stm32f0xx_hal_i2c.o
 .debug_info    0x000062f0      0x7f0 ./Drivers/STM32F0xx_HAL_Driver/Src/stm32f0xx_hal_i2c_ex.o
 .debug_info    0x00006ae0      0xa52 ./Drivers/STM32F0xx_HAL_Driver/Src/stm32f0xx_hal_rcc.o
 .debug_info    0x00007532      0x3b8 ./Drivers/STM32F0xx_HAL_Driver/Src/stm32f0xx_hal_rcc_ex.o
 .debug_info    0x000078ea     0x21c4 ./Drivers/STM32F0xx_HAL_Driver/Src/stm32f0xx_hal_spi.o
 .debug_info    0x00009aae     0x40c9 ./Drivers/STM32F0xx_HAL_Driver/Src/stm32f0xx_hal_tim.o
 .debug_info    0x0000db77     0x18c2 ./Drivers/STM32F0xx_HAL_Driver/Src/stm32f0xx_hal_tim_ex.o
 .debug_info    0x0000f439      0x486 ./External/Src/DHT22.o
 .debug_info    0x0000f8bf     0x1188 ./External/Src/DS3231.o
 .debug_info    0x00010a47     0x100f ./External/Src/MCP23S17.o
 .debug_info    0x00011a56      0xc75 ./External/Src/VFDDisplay.o
 .debug_info    0x000126cb     0x26d9 ./Src/main.o
 .debug_info    0x00014da4     0x151c ./Src/stm32f0xx_hal_msp.o
 .debug_info    0x000162c0      0x6ba ./Src/stm32f0xx_it.o
 .debug_info    0x0001697a      0x268 ./Src/system_stm32f0xx.o
 .debug_info    0x00016be2       0x30 ./Startup/startup_stm32f030f4px.o

.debug_abbrev   0x00000000     0x31bb
 .debug_abbrev  0x00000000      0x2cb ./Drivers/STM32F0xx_HAL_Driver/Src/stm32f0xx_hal.o
 .debug_abbrev  0x000002cb      0x2b6 ./Drivers/STM32F0xx_HAL_Driver/Src/stm32f0xx_hal_adc.o
 .debug_abbrev  0x00000581      0x29c ./Drivers/STM32F0xx_HAL_Driver/Src/stm32f0xx_hal_cortex.o
 .debug_abbrev  0x0000081d      0x1fd ./Drivers/STM32F0xx_HAL_Driver/Src/stm32f0xx_hal_gpio.o
 .debug_abbrev  0x00000a1a      0x3a6 ./Drivers/STM32F0xx_HAL_Driver/Src/stm32f0xx_hal_i2c.o
 .debug_abbrev  0x00000dc0      0x1d8 ./Drivers/STM32F0xx_HAL_Driver/Src/stm32f0xx_hal_i2c_ex.o
 .debug_abbrev  0x00000f98      0x2c6 ./Drivers/STM32F0xx_HAL_Driver/Src/stm32f0xx_hal_rcc.o
 .debug_abbrev  0x0000125e      0x1ae ./Drivers/STM32F0xx_HAL_Driver/Src/stm32f0xx_hal_rcc_ex.o
 .debug_abbrev  0x0000140c      0x361 ./Drivers/STM32F0xx_HAL_Driver/Src/stm32f0xx_hal_spi.o
 .debug_abbrev  0x0000176d      0x3b6 ./Drivers/STM32F0xx_HAL_Driver/Src/stm32f0xx_hal_tim.o
 .debug_abbrev  0x00001b23      0x310 ./Drivers/STM32F0xx_HAL_Driver/Src/stm32f0xx_hal_tim_ex.o
 .debug_abbrev  0x00001e33      0x245 ./External/Src/DHT22.o
 .debug_abbrev  0x00002078      0x2af ./External/Src/DS3231.o
 .debug_abbrev  0x00002327      0x2ad ./External/Src/MCP23S17.o
 .debug_abbrev  0x000025d4      0x219 ./External/Src/VFDDisplay.o
 .debug_abbrev  0x000027ed      0x437 ./Src/main.o
 .debug_abbrev  0x00002c24      0x245 ./Src/stm32f0xx_hal_msp.o
 .debug_abbrev  0x00002e69      0x1f6 ./Src/stm32f0xx_it.o
 .debug_abbrev  0x0000305f      0x138 ./Src/system_stm32f0xx.o
 .debug_abbrev  0x00003197       0x24 ./Startup/startup_stm32f030f4px.o

.debug_loclists
                0x00000000     0xbf8b
 .debug_loclists
                0x00000000       0xc2 ./Drivers/STM32F0xx_HAL_Driver/Src/stm32f0xx_hal.o
 .debug_loclists
                0x000000c2      0x8c1 ./Drivers/STM32F0xx_HAL_Driver/Src/stm32f0xx_hal_adc.o
 .debug_loclists
                0x00000983      0x355 ./Drivers/STM32F0xx_HAL_Driver/Src/stm32f0xx_hal_cortex.o
 .debug_loclists
                0x00000cd8      0x27a ./Drivers/STM32F0xx_HAL_Driver/Src/stm32f0xx_hal_gpio.o
 .debug_loclists
                0x00000f52     0x3501 ./Drivers/STM32F0xx_HAL_Driver/Src/stm32f0xx_hal_i2c.o
 .debug_loclists
                0x00004453       0xdc ./Drivers/STM32F0xx_HAL_Driver/Src/stm32f0xx_hal_i2c_ex.o
 .debug_loclists
                0x0000452f      0x405 ./Drivers/STM32F0xx_HAL_Driver/Src/stm32f0xx_hal_rcc.o
 .debug_loclists
                0x00004934      0x214 ./Drivers/STM32F0xx_HAL_Driver/Src/stm32f0xx_hal_rcc_ex.o
 .debug_loclists
                0x00004b48     0x1699 ./Drivers/STM32F0xx_HAL_Driver/Src/stm32f0xx_hal_spi.o
 .debug_loclists
                0x000061e1     0x3836 ./Drivers/STM32F0xx_HAL_Driver/Src/stm32f0xx_hal_tim.o
 .debug_loclists
                0x00009a17      0xfce ./Drivers/STM32F0xx_HAL_Driver/Src/stm32f0xx_hal_tim_ex.o
 .debug_loclists
                0x0000a9e5      0x17f ./External/Src/DHT22.o
 .debug_loclists
                0x0000ab64      0x713 ./External/Src/DS3231.o
 .debug_loclists
                0x0000b277      0x671 ./External/Src/MCP23S17.o
 .debug_loclists
                0x0000b8e8      0x411 ./External/Src/VFDDisplay.o
 .debug_loclists
                0x0000bcf9       0x76 ./Src/main.o
 .debug_loclists
                0x0000bd6f      0x13b ./Src/stm32f0xx_hal_msp.o
 .debug_loclists
                0x0000beaa       0xe1 ./Src/system_stm32f0xx.o

.debug_aranges  0x00000000      0xfb8
 .debug_aranges
                0x00000000       0xd0 ./Drivers/STM32F0xx_HAL_Driver/Src/stm32f0xx_hal.o
 .debug_aranges
                0x000000d0       0xf8 ./Drivers/STM32F0xx_HAL_Driver/Src/stm32f0xx_hal_adc.o
 .debug_aranges
                0x000001c8       0x78 ./Drivers/STM32F0xx_HAL_Driver/Src/stm32f0xx_hal_cortex.o
 .debug_aranges
                0x00000240       0x58 ./Drivers/STM32F0xx_HAL_Driver/Src/stm32f0xx_hal_gpio.o
 .debug_aranges
                0x00000298      0x290 ./Drivers/STM32F0xx_HAL_Driver/Src/stm32f0xx_hal_i2c.o
 .debug_aranges
                0x00000528       0x38 ./Drivers/STM32F0xx_HAL_Driver/Src/stm32f0xx_hal_i2c_ex.o
 .debug_aranges
                0x00000560       0x80 ./Drivers/STM32F0xx_HAL_Driver/Src/stm32f0xx_hal_rcc.o
 .debug_aranges
                0x000005e0       0x30 ./Drivers/STM32F0xx_HAL_Driver/Src/stm32f0xx_hal_rcc_ex.o
 .debug_aranges
                0x00000610      0x1d8 ./Drivers/STM32F0xx_HAL_Driver/Src/stm32f0xx_hal_spi.o
 .debug_aranges
                0x000007e8      0x3a0 ./Drivers/STM32F0xx_HAL_Driver/Src/stm32f0xx_hal_tim.o
 .debug_aranges
                0x00000b88      0x168 ./Drivers/STM32F0xx_HAL_Driver/Src/stm32f0xx_hal_tim_ex.o
 .debug_aranges
                0x00000cf0       0x28 ./External/Src/DHT22.o
 .debug_aranges
                0x00000d18       0x80 ./External/Src/DS3231.o
 .debug_aranges
                0x00000d98       0x80 ./External/Src/MCP23S17.o
 .debug_aranges
                0x00000e18       0x48 ./External/Src/VFDDisplay.o
 .debug_aranges
                0x00000e60       0x50 ./Src/main.o
 .debug_aranges
                0x00000eb0       0x68 ./Src/stm32f0xx_hal_msp.o
 .debug_aranges
                0x00000f18       0x50 ./Src/stm32f0xx_it.o
 .debug_aranges
                0x00000f68       0x28 ./Src/system_stm32f0xx.o
 .debug_aranges
                0x00000f90       0x28 ./Startup/startup_stm32f030f4px.o

.debug_rnglists
                0x00000000      0xf8a
 .debug_rnglists
                0x00000000       0x97 ./Drivers/STM32F0xx_HAL_Driver/Src/stm32f0xx_hal.o
 .debug_rnglists
                0x00000097       0xbd ./Drivers/STM32F0xx_HAL_Driver/Src/stm32f0xx_hal_adc.o
 .debug_rnglists
                0x00000154       0x85 ./Drivers/STM32F0xx_HAL_Driver/Src/stm32f0xx_hal_cortex.o
 .debug_rnglists
                0x000001d9       0x51 ./Drivers/STM32F0xx_HAL_Driver/Src/stm32f0xx_hal_gpio.o
 .debug_rnglists
                0x0000022a      0x256 ./Drivers/STM32F0xx_HAL_Driver/Src/stm32f0xx_hal_i2c.o
 .debug_rnglists
                0x00000480       0x43 ./Drivers/STM32F0xx_HAL_Driver/Src/stm32f0xx_hal_i2c_ex.o
 .debug_rnglists
                0x000004c3       0x7f ./Drivers/STM32F0xx_HAL_Driver/Src/stm32f0xx_hal_rcc.o
 .debug_rnglists
                0x00000542       0x33 ./Drivers/STM32F0xx_HAL_Driver/Src/stm32f0xx_hal_rcc_ex.o
 .debug_rnglists
                0x00000575      0x1c8 ./Drivers/STM32F0xx_HAL_Driver/Src/stm32f0xx_hal_spi.o
 .debug_rnglists
                0x0000073d      0x439 ./Drivers/STM32F0xx_HAL_Driver/Src/stm32f0xx_hal_tim.o
 .debug_rnglists
                0x00000b76      0x114 ./Drivers/STM32F0xx_HAL_Driver/Src/stm32f0xx_hal_tim_ex.o
 .debug_rnglists
                0x00000c8a       0x44 ./External/Src/DHT22.o
 .debug_rnglists
                0x00000cce       0x81 ./External/Src/DS3231.o
 .debug_rnglists
                0x00000d4f       0x5d ./External/Src/MCP23S17.o
 .debug_rnglists
                0x00000dac       0x32 ./External/Src/VFDDisplay.o
 .debug_rnglists
                0x00000dde       0x70 ./Src/main.o
 .debug_rnglists
                0x00000e4e       0xd3 ./Src/stm32f0xx_hal_msp.o
 .debug_rnglists
                0x00000f21       0x37 ./Src/stm32f0xx_it.o
 .debug_rnglists
                0x00000f58       0x19 ./Src/system_stm32f0xx.o
 .debug_rnglists
                0x00000f71       0x19 ./Startup/startup_stm32f030f4px.o

.debug_macro    0x00000000    0x108ca
 .debug_macro   0x00000000      0x1fa ./Drivers/STM32F0xx_HAL_Driver/Src/stm32f0xx_hal.o
 .debug_macro   0x000001fa      0xab4 ./Drivers/STM32F0xx_HAL_Driver/Src/stm32f0xx_hal.o
 .debug_macro   0x00000cae      0x139 ./Drivers/STM32F0xx_HAL_Driver/Src/stm32f0xx_hal.o
 .debug_macro   0x00000de7       0x2e ./Drivers/STM32F0xx_HAL_Driver/Src/stm32f0xx_hal.o
 .debug_macro   0x00000e15       0x22 ./Drivers/STM32F0xx_HAL_Driver/Src/stm32f0xx_hal.o
 .debug_macro   0x00000e37       0x22 ./Drivers/STM32F0xx_HAL_Driver/Src/stm32f0xx_hal.o
 .debug_macro   0x00000e59       0x8e ./Drivers/STM32F0xx_HAL_Driver/Src/stm32f0xx_hal.o
 .debug_macro   0x00000ee7       0x51 ./Drivers/STM32F0xx_HAL_Driver/Src/stm32f0xx_hal.o
 .debug_macro   0x00000f38      0x103 ./Drivers/STM32F0xx_HAL_Driver/Src/stm32f0xx_hal.o
 .debug_macro   0x0000103b       0x6a ./Drivers/STM32F0xx_HAL_Driver/Src/stm32f0xx_hal.o
 .debug_macro   0x000010a5      0x1df ./Drivers/STM32F0xx_HAL_Driver/Src/stm32f0xx_hal.o
 .debug_macro   0x00001284       0x1c ./Drivers/STM32F0xx_HAL_Driver/Src/stm32f0xx_hal.o
 .debug_macro   0x000012a0       0x22 ./Drivers/STM32F0xx_HAL_Driver/Src/stm32f0xx_hal.o
 .debug_macro   0x000012c2       0xaf ./Drivers/STM32F0xx_HAL_Driver/Src/stm32f0xx_hal.o
 .debug_macro   0x00001371      0x391 ./Drivers/STM32F0xx_HAL_Driver/Src/stm32f0xx_hal.o
 .debug_macro   0x00001702     0x6e6e ./Drivers/STM32F0xx_HAL_Driver/Src/stm32f0xx_hal.o
 .debug_macro   0x00008570       0x66 ./Drivers/STM32F0xx_HAL_Driver/Src/stm32f0xx_hal.o
 .debug_macro   0x000085d6     0x34da ./Drivers/STM32F0xx_HAL_Driver/Src/stm32f0xx_hal.o
 .debug_macro   0x0000bab0      0x190 ./Drivers/STM32F0xx_HAL_Driver/Src/stm32f0xx_hal.o
 .debug_macro   0x0000bc40       0x55 ./Drivers/STM32F0xx_HAL_Driver/Src/stm32f0xx_hal.o
 .debug_macro   0x0000bc95      0x924 ./Drivers/STM32F0xx_HAL_Driver/Src/stm32f0xx_hal.o
 .debug_macro   0x0000c5b9       0xe5 ./Drivers/STM32F0xx_HAL_Driver/Src/stm32f0xx_hal.o
 .debug_macro   0x0000c69e      0x1ae ./Drivers/STM32F0xx_HAL_Driver/Src/stm32f0xx_hal.o
 .debug_macro   0x0000c84c       0xb3 ./Drivers/STM32F0xx_HAL_Driver/Src/stm32f0xx_hal.o
 .debug_macro   0x0000c8ff      0x1a0 ./Drivers/STM32F0xx_HAL_Driver/Src/stm32f0xx_hal.o
 .debug_macro   0x0000ca9f      0x1ed ./Drivers/STM32F0xx_HAL_Driver/Src/stm32f0xx_hal.o
 .debug_macro   0x0000cc8c       0x34 ./Drivers/STM32F0xx_HAL_Driver/Src/stm32f0xx_hal.o
 .debug_macro   0x0000ccc0       0x43 ./Drivers/STM32F0xx_HAL_Driver/Src/stm32f0xx_hal.o
 .debug_macro   0x0000cd03       0x28 ./Drivers/STM32F0xx_HAL_Driver/Src/stm32f0xx_hal.o
 .debug_macro   0x0000cd2b      0x33d ./Drivers/STM32F0xx_HAL_Driver/Src/stm32f0xx_hal.o
 .debug_macro   0x0000d068       0xbc ./Drivers/STM32F0xx_HAL_Driver/Src/stm32f0xx_hal.o
 .debug_macro   0x0000d124       0xb0 ./Drivers/STM32F0xx_HAL_Driver/Src/stm32f0xx_hal.o
 .debug_macro   0x0000d1d4      0x15a ./Drivers/STM32F0xx_HAL_Driver/Src/stm32f0xx_hal.o
 .debug_macro   0x0000d32e      0x22c ./Drivers/STM32F0xx_HAL_Driver/Src/stm32f0xx_hal.o
 .debug_macro   0x0000d55a       0x61 ./Drivers/STM32F0xx_HAL_Driver/Src/stm32f0xx_hal.o
 .debug_macro   0x0000d5bb       0xa5 ./Drivers/STM32F0xx_HAL_Driver/Src/stm32f0xx_hal.o
 .debug_macro   0x0000d660       0x4c ./Drivers/STM32F0xx_HAL_Driver/Src/stm32f0xx_hal.o
 .debug_macro   0x0000d6ac       0x2b ./Drivers/STM32F0xx_HAL_Driver/Src/stm32f0xx_hal.o
 .debug_macro   0x0000d6d7      0x2fe ./Drivers/STM32F0xx_HAL_Driver/Src/stm32f0xx_hal.o
 .debug_macro   0x0000d9d5      0x8f4 ./Drivers/STM32F0xx_HAL_Driver/Src/stm32f0xx_hal.o
 .debug_macro   0x0000e2c9       0x28 ./Drivers/STM32F0xx_HAL_Driver/Src/stm32f0xx_hal.o
 .debug_macro   0x0000e2f1       0xf1 ./Drivers/STM32F0xx_HAL_Driver/Src/stm32f0xx_hal.o
 .debug_macro   0x0000e3e2      0x1fa ./Drivers/STM32F0xx_HAL_Driver/Src/stm32f0xx_hal_adc.o
 .debug_macro   0x0000e5dc      0x1d6 ./Drivers/STM32F0xx_HAL_Driver/Src/stm32f0xx_hal_cortex.o
 .debug_macro   0x0000e7b2      0x1dd ./Drivers/STM32F0xx_HAL_Driver/Src/stm32f0xx_hal_gpio.o
 .debug_macro   0x0000e98f      0x2a2 ./Drivers/STM32F0xx_HAL_Driver/Src/stm32f0xx_hal_i2c.o
 .debug_macro   0x0000ec31      0x1d6 ./Drivers/STM32F0xx_HAL_Driver/Src/stm32f0xx_hal_i2c_ex.o
 .debug_macro   0x0000ee07      0x1e8 ./Drivers/STM32F0xx_HAL_Driver/Src/stm32f0xx_hal_rcc.o
 .debug_macro   0x0000efef      0x1d6 ./Drivers/STM32F0xx_HAL_Driver/Src/stm32f0xx_hal_rcc_ex.o
 .debug_macro   0x0000f1c5      0x1de ./Drivers/STM32F0xx_HAL_Driver/Src/stm32f0xx_hal_spi.o
 .debug_macro   0x0000f3a3      0x1d7 ./Drivers/STM32F0xx_HAL_Driver/Src/stm32f0xx_hal_tim.o
 .debug_macro   0x0000f57a      0x1d6 ./Drivers/STM32F0xx_HAL_Driver/Src/stm32f0xx_hal_tim_ex.o
 .debug_macro   0x0000f750      0x1f5 ./External/Src/DHT22.o
 .debug_macro   0x0000f945      0x1fd ./External/Src/DS3231.o
 .debug_macro   0x0000fb42       0x46 ./External/Src/DS3231.o
 .debug_macro   0x0000fb88      0x1f4 ./External/Src/MCP23S17.o
 .debug_macro   0x0000fd7c       0xc4 ./External/Src/MCP23S17.o
 .debug_macro   0x0000fe40      0x1f8 ./External/Src/VFDDisplay.o
 .debug_macro   0x00010038       0xca ./External/Src/VFDDisplay.o
 .debug_macro   0x00010102      0x21e ./Src/main.o
 .debug_macro   0x00010320      0x1e5 ./Src/stm32f0xx_hal_msp.o
 .debug_macro   0x00010505      0x1ef ./Src/stm32f0xx_it.o
 .debug_macro   0x000106f4      0x1d6 ./Src/system_stm32f0xx.o

.debug_line     0x00000000    0x1a78d
 .debug_line    0x00000000      0xb28 ./Drivers/STM32F0xx_HAL_Driver/Src/stm32f0xx_hal.o
 .debug_line    0x00000b28     0x15d7 ./Drivers/STM32F0xx_HAL_Driver/Src/stm32f0xx_hal_adc.o
 .debug_line    0x000020ff      0xb49 ./Drivers/STM32F0xx_HAL_Driver/Src/stm32f0xx_hal_cortex.o
 .debug_line    0x00002c48      0xca5 ./Drivers/STM32F0xx_HAL_Driver/Src/stm32f0xx_hal_gpio.o
 .debug_line    0x000038ed     0x559f ./Drivers/STM32F0xx_HAL_Driver/Src/stm32f0xx_hal_i2c.o
 .debug_line    0x00008e8c      0x8f3 ./Drivers/STM32F0xx_HAL_Driver/Src/stm32f0xx_hal_i2c_ex.o
 .debug_line    0x0000977f     0x12bc ./Drivers/STM32F0xx_HAL_Driver/Src/stm32f0xx_hal_rcc.o
 .debug_line    0x0000aa3b      0xa6e ./Drivers/STM32F0xx_HAL_Driver/Src/stm32f0xx_hal_rcc_ex.o
 .debug_line    0x0000b4a9     0x2f52 ./Drivers/STM32F0xx_HAL_Driver/Src/stm32f0xx_hal_spi.o
 .debug_line    0x0000e3fb     0x4aab ./Drivers/STM32F0xx_HAL_Driver/Src/stm32f0xx_hal_tim.o
 .debug_line    0x00012ea6     0x1a8c ./Drivers/STM32F0xx_HAL_Driver/Src/stm32f0xx_hal_tim_ex.o
 .debug_line    0x00014932      0xa0e ./External/Src/DHT22.o
 .debug_line    0x00015340      0xd06 ./External/Src/DS3231.o
 .debug_line    0x00016046      0xc7f ./External/Src/MCP23S17.o
 .debug_line    0x00016cc5      0xa31 ./External/Src/VFDDisplay.o
 .debug_line    0x000176f6     0x150f ./Src/main.o
 .debug_line    0x00018c05      0xab7 ./Src/stm32f0xx_hal_msp.o
 .debug_line    0x000196bc      0x83c ./Src/stm32f0xx_it.o
 .debug_line    0x00019ef8      0x81a ./Src/system_stm32f0xx.o
 .debug_line    0x0001a712       0x7b ./Startup/startup_stm32f030f4px.o

.debug_str      0x00000000    0x62db8
 .debug_str     0x00000000    0x62db8 ./Drivers/STM32F0xx_HAL_Driver/Src/stm32f0xx_hal.o
                              0x5e32f (size before relaxing)
 .debug_str     0x00062db8        0x0 ./Drivers/STM32F0xx_HAL_Driver/Src/stm32f0xx_hal_adc.o
                              0x5e4dd (size before relaxing)
 .debug_str     0x00062db8        0x0 ./Drivers/STM32F0xx_HAL_Driver/Src/stm32f0xx_hal_cortex.o
                              0x5e112 (size before relaxing)
 .debug_str     0x00062db8        0x0 ./Drivers/STM32F0xx_HAL_Driver/Src/stm32f0xx_hal_gpio.o
                              0x5df63 (size before relaxing)
 .debug_str     0x00062db8        0x0 ./Drivers/STM32F0xx_HAL_Driver/Src/stm32f0xx_hal_i2c.o
                              0x5f120 (size before relaxing)
 .debug_str     0x00062db8        0x0 ./Drivers/STM32F0xx_HAL_Driver/Src/stm32f0xx_hal_i2c_ex.o
                              0x5e2f1 (size before relaxing)
 .debug_str     0x00062db8        0x0 ./Drivers/STM32F0xx_HAL_Driver/Src/stm32f0xx_hal_rcc.o
                              0x5e20c (size before relaxing)
 .debug_str     0x00062db8        0x0 ./Drivers/STM32F0xx_HAL_Driver/Src/stm32f0xx_hal_rcc_ex.o
                              0x5df0b (size before relaxing)
 .debug_str     0x00062db8        0x0 ./Drivers/STM32F0xx_HAL_Driver/Src/stm32f0xx_hal_spi.o
                              0x5e73a (size before relaxing)
 .debug_str     0x00062db8        0x0 ./Drivers/STM32F0xx_HAL_Driver/Src/stm32f0xx_hal_tim.o
                              0x5f1d8 (size before relaxing)
 .debug_str     0x00062db8        0x0 ./Drivers/STM32F0xx_HAL_Driver/Src/stm32f0xx_hal_tim_ex.o
                              0x5e9e4 (size before relaxing)
 .debug_str     0x00062db8        0x0 ./External/Src/DHT22.o
                              0x5dfd1 (size before relaxing)
 .debug_str     0x00062db8        0x0 ./External/Src/DS3231.o
                              0x5e731 (size before relaxing)
 .debug_str     0x00062db8        0x0 ./External/Src/MCP23S17.o
                              0x5e805 (size before relaxing)
 .debug_str     0x00062db8        0x0 ./External/Src/VFDDisplay.o
                              0x5e69a (size before relaxing)
 .debug_str     0x00062db8        0x0 ./Src/main.o
                              0x5f7e5 (size before relaxing)
 .debug_str     0x00062db8        0x0 ./Src/stm32f0xx_hal_msp.o
                              0x5ec5e (size before relaxing)
 .debug_str     0x00062db8        0x0 ./Src/stm32f0xx_it.o
                              0x5e37a (size before relaxing)
 .debug_str     0x00062db8        0x0 ./Src/system_stm32f0xx.o
                              0x5ddcb (size before relaxing)
 .debug_str     0x00062db8        0x0 ./Startup/startup_stm32f030f4px.o
                                 0x6e (size before relaxing)

.comment        0x00000000       0x43
 .comment       0x00000000       0x43 ./Drivers/STM32F0xx_HAL_Driver/Src/stm32f0xx_hal.o
                                 0x44 (size before relaxing)
 .comment       0x00000043        0x0 ./Drivers/STM32F0xx_HAL_Driver/Src/stm32f0xx_hal_adc.o
                                 0x44 (size before relaxing)
 .comment       0x00000043        0x0 ./Drivers/STM32F0xx_HAL_Driver/Src/stm32f0xx_hal_cortex.o
                                 0x44 (size before relaxing)
 .comment       0x00000043        0x0 ./Drivers/STM32F0xx_HAL_Driver/Src/stm32f0xx_hal_gpio.o
                                 0x44 (size before relaxing)
 .comment       0x00000043        0x0 ./Drivers/STM32F0xx_HAL_Driver/Src/stm32f0xx_hal_i2c.o
                                 0x44 (size before relaxing)
 .comment       0x00000043        0x0 ./Drivers/STM32F0xx_HAL_Driver/Src/stm32f0xx_hal_i2c_ex.o
                                 0x44 (size before relaxing)
 .comment       0x00000043        0x0 ./Drivers/STM32F0xx_HAL_Driver/Src/stm32f0xx_hal_rcc.o
                                 0x44 (size before relaxing)
 .comment       0x00000043        0x0 ./Drivers/STM32F0xx_HAL_Driver/Src/stm32f0xx_hal_rcc_ex.o
                                 0x44 (size before relaxing)
 .comment       0x00000043        0x0 ./Drivers/STM32F0xx_HAL_Driver/Src/stm32f0xx_hal_spi.o
                                 0x44 (size before relaxing)
 .comment       0x00000043        0x0 ./Drivers/STM32F0xx_HAL_Driver/Src/stm32f0xx_hal_tim.o
                                 0x44 (size before relaxing)
 .comment       0x00000043        0x0 ./Drivers/STM32F0xx_HAL_Driver/Src/stm32f0xx_hal_tim_ex.o
                                 0x44 (size before relaxing)
 .comment       0x00000043        0x0 ./External/Src/DHT22.o
                                 0x44 (size before relaxing)
 .comment       0x00000043        0x0 ./External/Src/DS3231.o
                                 0x44 (size before relaxing)
 .comment       0x00000043        0x0 ./External/Src/MCP23S17.o
                                 0x44 (size before relaxing)
 .comment       0x00000043        0x0 ./External/Src/VFDDisplay.o
                                 0x44 (size before relaxing)
 .comment       0x00000043        0x0 ./Src/main.o
                                 0x44 (size before relaxing)
 .comment       0x00000043        0x0 ./Src/stm32f0xx_hal_msp.o
                                 0x44 (size before relaxing)
 .comment       0x00000043        0x0 ./Src/stm32f0xx_it.o
                                 0x44 (size before relaxing)
 .comment       0x00000043        0x0 ./Src/system_stm32f0xx.o
                                 0x44 (size before relaxing)

.debug_frame    0x00000000     0x2ce8
 .debug_frame   0x00000000      0x1b4 ./Drivers/STM32F0xx_HAL_Driver/Src/stm32f0xx_hal.o
 .debug_frame   0x000001b4      0x2cc ./Drivers/STM32F0xx_HAL_Driver/Src/stm32f0xx_hal_adc.o
 .debug_frame   0x00000480       0xe0 ./Drivers/STM32F0xx_HAL_Driver/Src/stm32f0xx_hal_cortex.o
 .debug_frame   0x00000560       0xbc ./Drivers/STM32F0xx_HAL_Driver/Src/stm32f0xx_hal_gpio.o
 .debug_frame   0x0000061c      0x888 ./Drivers/STM32F0xx_HAL_Driver/Src/stm32f0xx_hal_i2c.o
 .debug_frame   0x00000ea4       0x78 ./Drivers/STM32F0xx_HAL_Driver/Src/stm32f0xx_hal_i2c_ex.o
 .debug_frame   0x00000f1c      0x148 ./Drivers/STM32F0xx_HAL_Driver/Src/stm32f0xx_hal_rcc.o
 .debug_frame   0x00001064       0x58 ./Drivers/STM32F0xx_HAL_Driver/Src/stm32f0xx_hal_rcc_ex.o
 .debug_frame   0x000010bc      0x5b8 ./Drivers/STM32F0xx_HAL_Driver/Src/stm32f0xx_hal_spi.o
 .debug_frame   0x00001674      0xacc ./Drivers/STM32F0xx_HAL_Driver/Src/stm32f0xx_hal_tim.o
 .debug_frame   0x00002140      0x42c ./Drivers/STM32F0xx_HAL_Driver/Src/stm32f0xx_hal_tim_ex.o
 .debug_frame   0x0000256c       0x4c ./External/Src/DHT22.o
 .debug_frame   0x000025b8      0x1a4 ./External/Src/DS3231.o
 .debug_frame   0x0000275c      0x174 ./External/Src/MCP23S17.o
 .debug_frame   0x000028d0       0xd4 ./External/Src/VFDDisplay.o
 .debug_frame   0x000029a4       0xd4 ./Src/main.o
 .debug_frame   0x00002a78      0x110 ./Src/stm32f0xx_hal_msp.o
 .debug_frame   0x00002b88       0x98 ./Src/stm32f0xx_it.o
 .debug_frame   0x00002c20       0x3c ./Src/system_stm32f0xx.o
 .debug_frame   0x00002c5c       0x20 C:/ST/STM32CubeIDE_2.0.0/STM32CubeIDE/plugins/com.st.stm32cube.ide.mcu.externaltools.gnu-tools-for-stm32.13.3.rel1.win32_1.0.100.202509120712/tools/bin/../lib/gcc/arm-none-eabi/13.3.1/../../../../arm-none-eabi/lib/thumb/v6-m/nofp\libc_nano.a(libc_a-memset.o)
 .debug_frame   0x00002c7c       0x2c C:/ST/STM32CubeIDE_2.0.0/STM32CubeIDE/plugins/com.st.stm32cube.ide.mcu.externaltools.gnu-tools-for-stm32.13.3.rel1.win32_1.0.100.202509120712/tools/bin/../lib/gcc/arm-none-eabi/13.3.1/../../../../arm-none-eabi/lib/thumb/v6-m/nofp\libc_nano.a(libc_a-init.o)
 .debug_frame   0x00002ca8       0x20 C:/ST/STM32CubeIDE_2.0.0/STM32CubeIDE/plugins/com.st.stm32cube.ide.mcu.externaltools.gnu-tools-for-stm32.13.3.rel1.win32_1.0.100.202509120712/tools/bin/../lib/gcc/arm-none-eabi/13.3.1/thumb/v6-m/nofp\libgcc.a(_udivsi3.o)
 .debug_frame   0x00002cc8       0x20 C:/ST/STM32CubeIDE_2.0.0/STM32CubeIDE/plugins/com.st.stm32cube.ide.mcu.externaltools.gnu-tools-for-stm32.13.3.rel1.win32_1.0.100.202509120712/tools/bin/../lib/gcc/arm-none-eabi/13.3.1/thumb/v6-m/nofp\libgcc.a(_divsi3.o)

.debug_line_str
                0x00000000       0x52
 .debug_line_str
                0x00000000       0x52 ./Startup/startup_stm32f030f4px.o
